vol = 65536
vol = 65536
vol = 65536
vol = 65536
Disabling GPU-Direct RDMA access
Disabling peer-to-peer access
QUDA 1.1.0 (git 1.1.0-0c55538-dirty-gfx906)
*** HIP BACKEND ***
HIP Driver version = 50423453
HIP Runtime version = 50423453
Found device 0: Device 66a1
Found device 1: Device 66a1
Found device 2: Device 66a1
Found device 3: Device 66a1
Using device 0: Device 66a1
WARNING: Data reordering done on GPU (set with QUDA_REORDER_LOCATION=GPU/CPU)
Loaded 2328 sets of cached parameters from .cache/tunecache.tsv
Loaded 2328 sets of cached parameters from .cache/tunecache.tsv
WARNING: Using device memory pool allocator
WARNING: Using pinned memory pool allocator
hipblasCreated successfully
Creating Gaussian distributed Lie group field with sigma = 1.000000e-01
Quda dslash: 0.09303852403536439 sec
Quda dslash: 0.09302874398417771 sec
Quda dslash: 0.09310565399937332 sec
Quda dslash: 0.09308738401159644 sec
[pid=1], (0, 0, 0, 1)
[pid = 1], DIM = 0, DIR = 0, neighbor = 1
[pid = 1], DIM = 0, DIR = 1, neighbor = 1
[pid = 1], DIM = 1, DIR = 0, neighbor = 1
[pid = 1], DIM = 1, DIR = 1, neighbor = 1
[pid = 1], DIM = 2, DIR = 0, neighbor = 3
[pid = 1], DIM = 2, DIR = 1, neighbor = 3
[pid = 1], DIM = 3, DIR = 0, neighbor = 0
[pid = 1], DIM = 3, DIR = 1, neighbor = 0
[pid=2], (0, 0, 1, 0)
[pid = 2], DIM = 0, DIR = 0, neighbor = 2
[pid = 2], DIM = 0, DIR = 1, neighbor = 2
[pid = 2], DIM = 1, DIR = 0, neighbor = 2
[pid = 2], DIM = 1, DIR = 1, neighbor = 2
[pid = 2], DIM = 2, DIR = 0, neighbor = 0
[pid = 2], DIM = 2, DIR = 1, neighbor = 0
[pid = 2], DIM = 3, DIR = 0, neighbor = 3
[pid = 2], DIM = 3, DIR = 1, neighbor = 3
[pid=3], (0, 0, 1, 1)
[pid = 3], DIM = 0, DIR = 0, neighbor = 3
[pid = 3], DIM = 0, DIR = 1, neighbor = 3
[pid = 3], DIM = 1, DIR = 0, neighbor = 3
[pid = 3], DIM = 1, DIR = 1, neighbor = 3
[pid = 3], DIM = 2, DIR = 0, neighbor = 1
[pid = 3], DIM = 2, DIR = 1, neighbor = 1
[pid = 3], DIM = 3, DIR = 0, neighbor = 2
[pid = 3], DIM = 3, DIR = 1, neighbor = 2
[pid=0], (0, 0, 0, 0)
[pid = 0], DIM = 0, DIR = 0, neighbor = 0
[pid = 0], DIM = 0, DIR = 1, neighbor = 0
[pid = 0], DIM = 1, DIR = 0, neighbor = 0
[pid = 0], DIM = 1, DIR = 1, neighbor = 0
[pid = 0], DIM = 2, DIR = 0, neighbor = 2
[pid = 0], DIM = 2, DIR = 1, neighbor = 2
[pid = 0], DIM = 3, DIR = 0, neighbor = 1
[pid = 0], DIM = 3, DIR = 1, neighbor = 1
size = 393216 send / recv buffer allocated
dim = 2, sendbuffer = 0x2ad0fbc90000, recvbuffer = 0x2ad0fbcf0000
size = 393216 send / recv buffer allocated
dim = 2, sendbuffer = 0x2b1a5fa90000, recvbuffer = 0x2b1a5faf0000
size = 393216 send / recv buffer allocated
dim = 2, sendbuffer = 0x2afb57890000, recvbuffer = 0x2afb578f0000
size = 393216 send / recv buffer allocated
dim = 2, sendbuffer = 0x2b8337890000, recvbuffer = 0x2b83378f0000
size = 393216 send / recv buffer allocated
dim = 2, sendbuffer = 0x2ad0fbd50000, recvbuffer = 0x2ad1e2000000
size = 393216 send / recv buffer allocated
dim = 2, sendbuffer = 0x2b1a5fb50000, recvbuffer = 0x2b1e52e00000
size = 393216 send / recv buffer allocated
dim = 2, sendbuffer = 0x2afb57950000, recvbuffer = 0x2afc3d600000
size = 393216 send / recv buffer allocated
dim = 3, sendbuffer = 0x2ad1e2060000, recvbuffer = 0x2ad1e20c0000
size = 393216 send / recv buffer allocated
dim = 2, sendbuffer = 0x2b8337950000, recvbuffer = 0x2b83f9c00000
size = 393216 send / recv buffer allocated
dim = 3, sendbuffer = 0x2b1e52e60000, recvbuffer = 0x2b1e52ec0000
size = 393216 send / recv buffer allocated
dim = 3, sendbuffer = 0x2afc3d660000, recvbuffer = 0x2afc3d6c0000
size = 393216 send / recv buffer allocated
dim = 3, sendbuffer = 0x2ad1e2120000, recvbuffer = 0x2ad1e2180000
========================
Allocated memory size : 
 x dim = 0
 y dim = 0
 z dim = 24576
 t dim = 24576
 ========================
size = 393216 send / recv buffer allocated
dim = 3, sendbuffer = 0x2b83f9c60000, recvbuffer = 0x2b83f9cc0000
size = 393216 send / recv buffer allocated
dim = 3, sendbuffer = 0x2b1e52f20000, recvbuffer = 0x2b1e52f80000
========================
Allocated memory size : 
 x dim = 0
 y dim = 0
 z dim = 24576
 t dim = 24576
 ========================
===============================================
===============================================
size = 393216 send / recv buffer allocated
dim = 3, sendbuffer = 0x2afc3d720000, recvbuffer = 0x2afc3d780000
========================
Allocated memory size : 
 x dim = 0
 y dim = 0
 z dim = 24576
 t dim = 24576
 ========================
size = 393216 send / recv buffer allocated
dim = 3, sendbuffer = 0x2b83f9d20000, recvbuffer = 0x2b83f9d80000
========================
Allocated memory size : 
 x dim = 0
 y dim = 0
 z dim = 24576
 t dim = 24576
 ========================
===============================================
===============================================
Recorded time : 0.452051 s
Recorded time : 0.452212 s
Recorded time : 0.000228 s
Recorded time : 0.000252 s
Recorded time : 0.461089 s
Recorded time : 0.461030 s
Recorded time : 0.000226 s
Recorded time : 0.000249 s
Qcu dslash: 0.5009531190153211 sec
Qcu dslash: 0.5061611719429493 sec
Qcu dslash: 0.5052999609615654 sec
Qcu dslash: 0.5011566590983421 sec
rank 1 difference: , 2.814038881177434e-16
rank 0 difference: , 2.815988416764864e-16
rank 2 difference: , 2.819296167448028e-16
rank 3 difference: , 2.8171890133306624e-16
Quda res[0, 0, 0, 1] = 
 [[ 0.3457353 +4.18463841j  3.72002922+4.66098972j  0.02928815+5.30722683j]
 [ 6.28516194-1.97008922j  8.34855715-4.5293169j  10.15107736+0.04713513j]
 [ 3.61952712+2.70790594j  0.55702837+1.01500863j -0.14788617-0.91975113j]
 [ 1.92812699-3.24239259j  0.44030339+2.37419643j  1.74133509-0.29398467j]]
Quda res[0, 0, 0, 1] = 
 [[ 3.14059144+0.64440649j  4.24118988+5.86786381j  1.27349051+1.13021154j]
 [ 4.99587032+1.13576711j  0.82172376+1.82533853j -9.16694129+0.27990644j]
 [ 0.71294482+1.46999949j  5.03237345-3.88084349j  4.12355907+3.23592423j]
 [-7.74218538+1.77600732j -4.35540924+1.43077419j -0.9524929 +3.35025577j]]
Quda res[0, 0, 0, 1] = 
 [[ 2.7063394 -0.82330603j -0.72588121-1.54309007j  1.07939693+5.39897931j]
 [-7.15383581+2.43655814j  5.3753838 +2.62197838j -0.40351279+3.30899909j]
 [ 0.18545132-0.4500095j   4.20391541+2.59707398j -2.38196344-0.93889604j]
 [ 2.67306647-2.36965164j -1.66612431+4.24950018j  3.08595559-1.88983037j]]
Qcu res[0, 0, 0, 1] = 
 [[ 0.3457353 +4.18463841j  3.72002922+4.66098972j  0.02928815+5.30722683j]
 [ 6.28516194-1.97008922j  8.34855715-4.5293169j  10.15107736+0.04713513j]
 [ 3.61952712+2.70790594j  0.55702837+1.01500863j -0.14788617-0.91975113j]
 [ 1.92812699-3.24239259j  0.44030339+2.37419643j  1.74133509-0.29398467j]]
================================================
Qcu res[0, 0, 0, 1] = 
 [[ 3.14059144+0.64440649j  4.24118988+5.86786381j  1.27349051+1.13021154j]
 [ 4.99587032+1.13576711j  0.82172376+1.82533853j -9.16694129+0.27990644j]
 [ 0.71294482+1.46999949j  5.03237345-3.88084349j  4.12355907+3.23592423j]
 [-7.74218538+1.77600732j -4.35540924+1.43077419j -0.9524929 +3.35025577j]]
Quda res[0, 0, 0, 1] = 
 [[-1.12709312+0.73661831j  7.82473925-5.7267022j  -3.04788195+5.02627028j]
 [-4.1614687 -3.41976509j -4.34358738-0.38792194j  2.06113253-1.54447254j]
 [ 4.84587035+0.90781856j  0.71827335-4.15520594j -3.69307549+8.72866064j]
 [ 8.11096425+1.6772704j   6.65027788+0.77503085j  2.88855604+6.86480074j]]
================================================
Qcu res[0, 0, 0, 1] = 
 [[ 2.7063394 -0.82330603j -0.72588121-1.54309007j  1.07939693+5.39897931j]
 [-7.15383581+2.43655814j  5.3753838 +2.62197838j -0.40351279+3.30899909j]
 [ 0.18545132-0.4500095j   4.20391541+2.59707398j -2.38196344-0.93889604j]
 [ 2.67306647-2.36965164j -1.66612431+4.24950018j  3.08595559-1.88983037j]]
================================================
Qcu res[0, 0, 0, 1] = 
 [[-1.12709312+0.73661831j  7.82473925-5.7267022j  -3.04788195+5.02627028j]
 [-4.1614687 -3.41976509j -4.34358738-0.38792194j  2.06113253-1.54447254j]
 [ 4.84587035+0.90781856j  0.71827335-4.15520594j -3.69307549+8.72866064j]
 [ 8.11096425+1.6772704j   6.65027788+0.77503085j  2.88855604+6.86480074j]]
================================================
Creating Gaussian distributed Lie group field with sigma = 1.000000e-01
Quda dslash: 0.057691417168825865 sec
Quda dslash: 0.05768420686945319 sec
Quda dslash: 0.05769999697804451 sec
Quda dslash: 0.05768997687846422 sec
===============================================
===============================================
===============================================
===============================================
Recorded time : 0.000239 s
Recorded time : 0.000247 s
Recorded time : 0.000250 s
Recorded time : 0.000242 s
Recorded time : 0.000193 s
Recorded time : 0.000200 s
Recorded time : 0.000215 s
Recorded time : 0.000221 s
Qcu dslash: 0.002809021854773164 sec
Qcu dslash: 0.0028046020306646824 sec
Qcu dslash: 0.002809421857818961 sec
Qcu dslash: 0.0027904619928449392 sec
rank 3 difference: , 2.819860210714185e-16
rank 2 difference: , 2.8145650095668705e-16
rank 1 difference: , 2.8204099343249854e-16
rank 0 difference: , 2.815468889701542e-16
Quda res[0, 0, 0, 1] = 
 [[ 3.13213869+0.56814242j -1.08922807-8.74005747j  1.00406042+3.24153631j]
 [-2.11707099+9.09317495j -1.53650075-2.35869145j  5.95080563+4.12351528j]
 [ 2.48028035-1.64540065j  1.75376043+0.97360348j -0.75211623-2.50448529j]
 [ 1.89015002-4.02454308j  0.22656232+1.79389301j -2.93122864+5.50697709j]]
Quda res[0, 0, 0, 1] = 
 [[10.20975409+6.57340895j -4.39023502+6.10224643j  5.77092176+1.38880825j]
 [ 1.15371218+3.1430861j  -0.92226054-7.96545334j  3.19090947+0.83345522j]
 [ 4.15436361-4.04062485j  2.41638684-1.98923584j  7.82498258+6.47716058j]
 [-0.43015697+4.27092846j  3.51740838+1.10644961j  5.05291234-0.38870677j]]
Quda res[0, 0, 0, 1] = 
 [[-0.26808052+0.03473081j  1.80978687+9.36798922j -2.79485124+0.3271227j ]
 [-0.48800059+3.76719585j  1.08783606+4.34332233j  3.71856036-0.06335364j]
 [ 1.53944299+4.46656695j  4.16046604+5.5607852j  -2.69001561+1.71314431j]
 [ 0.94539532-0.81603634j -5.8474345 -1.18234387j  0.65458875-0.53934331j]]
Quda res[0, 0, 0, 1] = 
 [[-7.46415296-7.10425961j  1.4080811 -1.14016564j  2.61461409-3.49443549j]
 [-4.08418316-0.4105484j   1.90941557-3.86608484j  5.89615227+0.6220939j ]
 [-1.03337816-2.19821038j -0.98200243-2.77078683j  1.00220441-4.65567569j]
 [-2.88912882-0.90940235j -7.531295  +6.09053262j  0.055855  +1.43883618j]]
Qcu res[0, 0, 0, 1] = 
 [[10.20975409+6.57340895j -4.39023502+6.10224643j  5.77092176+1.38880825j]
 [ 1.15371218+3.1430861j  -0.92226054-7.96545334j  3.19090947+0.83345522j]
 [ 4.15436361-4.04062485j  2.41638684-1.98923584j  7.82498258+6.47716058j]
 [-0.43015697+4.27092846j  3.51740838+1.10644961j  5.05291234-0.38870677j]]
================================================
Qcu res[0, 0, 0, 1] = 
 [[ 3.13213869+0.56814242j -1.08922807-8.74005747j  1.00406042+3.24153631j]
 [-2.11707099+9.09317495j -1.53650075-2.35869145j  5.95080563+4.12351528j]
 [ 2.48028035-1.64540065j  1.75376043+0.97360348j -0.75211623-2.50448529j]
 [ 1.89015002-4.02454308j  0.22656232+1.79389301j -2.93122864+5.50697709j]]
================================================
Qcu res[0, 0, 0, 1] = 
 [[-0.26808052+0.03473081j  1.80978687+9.36798922j -2.79485124+0.3271227j ]
 [-0.48800059+3.76719585j  1.08783606+4.34332233j  3.71856036-0.06335364j]
 [ 1.53944299+4.46656695j  4.16046604+5.5607852j  -2.69001561+1.71314431j]
 [ 0.94539532-0.81603634j -5.8474345 -1.18234387j  0.65458875-0.53934331j]]
Qcu res[0, 0, 0, 1] = 
 [[-7.46415296-7.10425961j  1.4080811 -1.14016564j  2.61461409-3.49443549j]
 [-4.08418316-0.4105484j   1.90941557-3.86608484j  5.89615227+0.6220939j ]
 [-1.03337816-2.19821038j -0.98200243-2.77078683j  1.00220441-4.65567569j]
 [-2.88912882-0.90940235j -7.531295  +6.09053262j  0.055855  +1.43883618j]]
================================================
================================================
Creating Gaussian distributed Lie group field with sigma = 1.000000e-01
Quda dslash: 0.002507051918655634 sec
Quda dslash: 0.002524852054193616 sec
Quda dslash: 0.0025291419588029385 sec
Quda dslash: 0.0025284821167588234 sec
===============================================
===============================================
===============================================
===============================================
Recorded time : 0.000255 s
Recorded time : 0.000235 s
Recorded time : 0.000240 s
Recorded time : 0.000246 s
Recorded time : 0.000203 s
Recorded time : 0.000201 s
Recorded time : 0.000219 s
Recorded time : 0.000216 s
Qcu dslash: 0.0027491708751767874 sec
Qcu dslash: 0.002772171050310135 sec
Qcu dslash: 0.002747301012277603 sec
Qcu dslash: 0.0027918010018765926 sec
rank 1 difference: , 2.8190705435949574e-16
rank 2 difference: , 2.82039837990135e-16
rank 3 difference: , 2.819898108970116e-16
rank 0 difference: , 2.8163992788711696e-16
Quda res[0, 0, 0, 1] = 
 [[ 3.61854935-2.6008396j   2.96082999-0.23375024j  5.72954327+6.47439046j]
 [-1.82367528-3.35862503j  1.79011474-1.5597218j  -2.09637244-3.49795837j]
 [ 5.15234516+6.05072535j -4.13792765+3.83883341j -2.85929112+0.08822695j]
 [-1.20920521+1.89520009j -1.06046584+6.48914458j  9.07814966-1.99103125j]]
Quda res[0, 0, 0, 1] = 
 [[-5.13717115+2.54406901j -3.35563559+5.06076938j -2.78224836+8.20271582j]
 [-1.29763393+1.85834472j -8.53031342+2.4936403j   1.91942637-1.39469238j]
 [ 8.04644778-1.66834025j -0.18870638-4.46964321j -5.69026871+0.16571727j]
 [ 4.47282318+3.83172923j  5.91954895-2.5276524j   1.63582029-3.28282577j]]
Quda res[0, 0, 0, 1] = 
 [[-5.48456818 +2.02417106j  3.40660966 +0.21925127j
  10.24610651 +5.91654887j]
 [ 5.41225064 -1.90563999j -6.66656339+10.21525532j
  -1.10835003 -1.68540398j]
 [-3.43746228 -0.06619638j -1.03309574 -4.82006723j
  -5.58054416 -1.22648858j]
 [-3.93586724 -1.17569125j -4.45030279 +1.97785203j
  -5.61294795 +5.89052501j]]
Quda res[0, 0, 0, 1] = 
 [[-8.41632288+4.18693205j  0.54325194-5.59197198j -0.21435188+5.50932149j]
 [-0.08521697+0.12771986j -0.64547107-0.20907682j -1.63229294-5.60888772j]
 [ 4.45691522-1.83246818j  0.90095759+3.6667126j   1.34996712+3.98802108j]
 [-0.46653627-1.30504443j  4.56574518-2.81149522j -6.7875348 +0.49047975j]]
Qcu res[0, 0, 0, 1] = 
 [[ 3.61854935-2.6008396j   2.96082999-0.23375024j  5.72954327+6.47439046j]
 [-1.82367528-3.35862503j  1.79011474-1.5597218j  -2.09637244-3.49795837j]
 [ 5.15234516+6.05072535j -4.13792765+3.83883341j -2.85929112+0.08822695j]
 [-1.20920521+1.89520009j -1.06046584+6.48914458j  9.07814966-1.99103125j]]
================================================
Qcu res[0, 0, 0, 1] = 
 [[-5.13717115+2.54406901j -3.35563559+5.06076938j -2.78224836+8.20271582j]
 [-1.29763393+1.85834472j -8.53031342+2.4936403j   1.91942637-1.39469238j]
 [ 8.04644778-1.66834025j -0.18870638-4.46964321j -5.69026871+0.16571727j]
 [ 4.47282318+3.83172923j  5.91954895-2.5276524j   1.63582029-3.28282577j]]
================================================
Qcu res[0, 0, 0, 1] = 
 [[-5.48456818 +2.02417106j  3.40660966 +0.21925127j
  10.24610651 +5.91654887j]
 [ 5.41225064 -1.90563999j -6.66656339+10.21525532j
  -1.10835003 -1.68540398j]
 [-3.43746228 -0.06619638j -1.03309574 -4.82006723j
  -5.58054416 -1.22648858j]
 [-3.93586724 -1.17569125j -4.45030279 +1.97785203j
  -5.61294795 +5.89052501j]]
================================================
Qcu res[0, 0, 0, 1] = 
 [[-8.41632288+4.18693205j  0.54325194-5.59197198j -0.21435188+5.50932149j]
 [-0.08521697+0.12771986j -0.64547107-0.20907682j -1.63229294-5.60888772j]
 [ 4.45691522-1.83246818j  0.90095759+3.6667126j   1.34996712+3.98802108j]
 [-0.46653627-1.30504443j  4.56574518-2.81149522j -6.7875348 +0.49047975j]]
================================================
Creating Gaussian distributed Lie group field with sigma = 1.000000e-01
Quda dslash: 0.0025360810104757547 sec
Quda dslash: 0.002542980946600437 sec
Quda dslash: 0.0025381608866155148 sec
Quda dslash: 0.0025370910298079252 sec
===============================================
===============================================
===============================================
===============================================
Recorded time : 0.000229 s
Recorded time : 0.000253 s
Recorded time : 0.000236 s
Recorded time : 0.000241 s
Recorded time : 0.000196 s
Recorded time : 0.000198 s
Recorded time : 0.000215 s
Recorded time : 0.000238 s
Qcu dslash: 0.002747231163084507 sec
Qcu dslash: 0.002780020935460925 sec
Qcu dslash: 0.0027909919153898954 sec
Qcu dslash: 0.0027848610188812017 sec
rank 1 difference: , 2.8157053764776524e-16
rank 2 difference: , 2.8190827586889025e-16
rank 0 difference: , 2.8148558528257083e-16
rank 3 difference: , 2.8167740024127675e-16
Quda res[0, 0, 0, 1] = 
 [[ 0.83368013-7.17581876e+00j -1.03637973-6.59912016e+00j
  -4.64143622-5.89955472e+00j]
 [-0.97275209-1.72423142e+00j -4.86857899-2.29768965e+00j
   2.24181605-3.13446053e+00j]
 [-1.47108513-1.34215035e+00j  7.80585076-6.78167489e+00j
   2.77077073-1.47494699e+00j]
 [-1.93042647+1.30678591e-03j  2.39494218-5.96166428e+00j
   0.04623058-1.03834202e+00j]]
Quda res[0, 0, 0, 1] = 
 [[ 3.81298873+6.13071455j -3.6376507 +2.05575094j -7.4435504 +0.66935703j]
 [ 0.78488986+2.10544088j  0.64843742-0.59634803j  7.11610226-4.34362935j]
 [-0.05638757-8.78898058j  0.56298824+6.42852398j  5.82185732+1.17240545j]
 [10.16635545+4.82141993j  0.36806099+5.12118431j -1.17414717+3.33667818j]]
Quda res[0, 0, 0, 1] = 
 [[-5.57066869+2.44392402j -1.54061728+4.57425536j  0.1866477 +1.08821614j]
 [-1.65568999+5.24706328j -0.58243791+2.70633765j -1.71957778-4.21328202j]
 [-0.19055508-2.76924448j  6.81989579+0.04909342j  2.90942881+4.31097212j]
 [ 2.75511899+1.36948716j  2.20620362+0.00822196j -3.72057809+4.84938326j]]
Quda res[0, 0, 0, 1] = 
 [[-0.06700043-9.49063532j  3.60911393+2.45264938j -7.14200321-1.50294427j]
 [ 2.11456167+1.85816651j -1.90191504+3.28232635j  2.91554364-1.26495739j]
 [-1.63295139-1.26493448j  8.98114176-3.49735103j -0.31765433-2.80449748j]
 [-4.29009865+0.41797204j -9.23305634-4.12314408j -1.99645197-0.23417128j]]
Qcu res[0, 0, 0, 1] = 
 [[ 0.83368013-7.17581876e+00j -1.03637973-6.59912016e+00j
  -4.64143622-5.89955472e+00j]
 [-0.97275209-1.72423142e+00j -4.86857899-2.29768965e+00j
   2.24181605-3.13446053e+00j]
 [-1.47108513-1.34215035e+00j  7.80585076-6.78167489e+00j
   2.77077073-1.47494699e+00j]
 [-1.93042647+1.30678591e-03j  2.39494218-5.96166428e+00j
   0.04623058-1.03834202e+00j]]
================================================
Qcu res[0, 0, 0, 1] = 
 [[ 3.81298873+6.13071455j -3.6376507 +2.05575094j -7.4435504 +0.66935703j]
 [ 0.78488986+2.10544088j  0.64843742-0.59634803j  7.11610226-4.34362935j]
 [-0.05638757-8.78898058j  0.56298824+6.42852398j  5.82185732+1.17240545j]
 [10.16635545+4.82141993j  0.36806099+5.12118431j -1.17414717+3.33667818j]]
Qcu res[0, 0, 0, 1] = 
 [[-5.57066869+2.44392402j -1.54061728+4.57425536j  0.1866477 +1.08821614j]
 [-1.65568999+5.24706328j -0.58243791+2.70633765j -1.71957778-4.21328202j]
 [-0.19055508-2.76924448j  6.81989579+0.04909342j  2.90942881+4.31097212j]
 [ 2.75511899+1.36948716j  2.20620362+0.00822196j -3.72057809+4.84938326j]]
================================================
Qcu res[0, 0, 0, 1] = 
 [[-0.06700043-9.49063532j  3.60911393+2.45264938j -7.14200321-1.50294427j]
 [ 2.11456167+1.85816651j -1.90191504+3.28232635j  2.91554364-1.26495739j]
 [-1.63295139-1.26493448j  8.98114176-3.49735103j -0.31765433-2.80449748j]
 [-4.29009865+0.41797204j -9.23305634-4.12314408j -1.99645197-0.23417128j]]
================================================
================================================
Creating Gaussian distributed Lie group field with sigma = 1.000000e-01
Quda dslash: 0.0025241319090127945 sec
Quda dslash: 0.0025208520237356424 sec
Quda dslash: 0.002507661934942007 sec
Quda dslash: 0.0025187719147652388 sec
===============================================
===============================================
===============================================
===============================================
Recorded time : 0.000232 s
Recorded time : 0.000230 s
Recorded time : 0.000244 s
Recorded time : 0.000233 s
Recorded time : 0.000198 s
Recorded time : 0.000201 s
Recorded time : 0.000219 s
Recorded time : 0.000217 s
Qcu dslash: 0.0028122810181230307 sec
Qcu dslash: 0.0027954711113125086 sec
Qcu dslash: 0.002760140923783183 sec
Qcu dslash: 0.00277689122594893 sec
rank 2 difference: , 2.8181520696262133e-16
rank 1 difference: , 2.819306592018383e-16
rank 3 difference: , 2.816988996895805e-16
rank 0 difference: , 2.817603898965076e-16
Quda res[0, 0, 0, 1] = 
 [[-3.23197158+1.24463668j -2.73224512+0.16047854j -3.16931399-0.31798818j]
 [ 0.65876696+3.48170864j -2.49381697+3.65194739j -2.17741799-1.28066432j]
 [-5.78224254-3.95501702j -6.75813236+1.84165376j -6.300706  -3.47509274j]
 [-1.47167702-0.17189995j -2.76631792+5.47083482j  6.79805125+2.28352457j]]
Quda res[0, 0, 0, 1] = 
 [[ 2.08829301+2.90685958j -6.14699666-0.74273085j  4.15978465-3.5674968j ]
 [-4.84629591-1.63134092j  2.1874898 -2.57996778j  7.33631596+1.91500816j]
 [-8.84025272-8.80127648j  5.337998  -3.49077412j -3.95861878+1.27348519j]
 [-1.97160425-2.75985524j  1.9885755 -9.85125494j  2.64135221+1.16390419j]]
Quda res[0, 0, 0, 1] = 
 [[ 4.09455377+1.98005013j  5.85575824-1.10133639j -0.59660094-0.44211945j]
 [-0.91188463-1.60626541j  3.67410945-0.14974967j -4.3600778 -0.50408976j]
 [ 0.7649237 -3.59396579j  5.64441864+2.39267434j -5.78726669+2.22921317j]
 [-2.95889192-4.85069963j -0.26964128+3.32449595j -4.70882858-7.8344211j ]]
Quda res[0, 0, 0, 1] = 
 [[ 2.09251752-3.5978227j  -3.80309532-2.05586047j  2.80801465+1.12022763j]
 [ 1.13621754+2.10257544j -1.94631666-1.65039029j  1.09267338+7.48121492j]
 [-0.14237149+2.66783744j -1.44647891+2.37094196j -3.60495199+2.74775789j]
 [ 3.25617813-0.17275458j -1.32525969+3.35629999j  1.36120821-4.00324603j]]
Qcu res[0, 0, 0, 1] = 
 [[ 2.08829301+2.90685958j -6.14699666-0.74273085j  4.15978465-3.5674968j ]
 [-4.84629591-1.63134092j  2.1874898 -2.57996778j  7.33631596+1.91500816j]
 [-8.84025272-8.80127648j  5.337998  -3.49077412j -3.95861878+1.27348519j]
 [-1.97160425-2.75985524j  1.9885755 -9.85125494j  2.64135221+1.16390419j]]
Qcu res[0, 0, 0, 1] = 
 [[-3.23197158+1.24463668j -2.73224512+0.16047854j -3.16931399-0.31798818j]
 [ 0.65876696+3.48170864j -2.49381697+3.65194739j -2.17741799-1.28066432j]
 [-5.78224254-3.95501702j -6.75813236+1.84165376j -6.300706  -3.47509274j]
 [-1.47167702-0.17189995j -2.76631792+5.47083482j  6.79805125+2.28352457j]]
================================================
================================================
Qcu res[0, 0, 0, 1] = 
 [[ 2.09251752-3.5978227j  -3.80309532-2.05586047j  2.80801465+1.12022763j]
 [ 1.13621754+2.10257544j -1.94631666-1.65039029j  1.09267338+7.48121492j]
 [-0.14237149+2.66783744j -1.44647891+2.37094196j -3.60495199+2.74775789j]
 [ 3.25617813-0.17275458j -1.32525969+3.35629999j  1.36120821-4.00324603j]]
================================================
Qcu res[0, 0, 0, 1] = 
 [[ 4.09455377+1.98005013j  5.85575824-1.10133639j -0.59660094-0.44211945j]
 [-0.91188463-1.60626541j  3.67410945-0.14974967j -4.3600778 -0.50408976j]
 [ 0.7649237 -3.59396579j  5.64441864+2.39267434j -5.78726669+2.22921317j]
 [-2.95889192-4.85069963j -0.26964128+3.32449595j -4.70882858-7.8344211j ]]
================================================
WARNING: Environment variable QUDA_PROFILE_OUTPUT_BASE not set; writing to profile.tsv and profile_async.tsv
Saving 17 sets of cached parameters to .cache/profile_0.tsv
Saving 0 sets of cached profiles to .cache/profile_async_0.tsv

               initQuda Total time =    18.236 secs
                     init     =    18.236 secs (100.000%),	 with        2 calls at 9.118e+06 us per call
        total accounted       =    18.236 secs (100.000%)
        total missing         =     0.000 secs (  0.000%)

          loadGaugeQuda Total time =     0.077 secs
                 download     =     0.064 secs ( 83.364%),	 with       10 calls at 6.420e+03 us per call
                   upload     =     0.002 secs (  3.151%),	 with        5 calls at 4.854e+02 us per call
                     init     =     0.000 secs (  0.421%),	 with       70 calls at 4.629e+00 us per call
                  compute     =     0.000 secs (  0.019%),	 with       10 calls at 1.500e+00 us per call
                     free     =     0.000 secs (  0.153%),	 with      574 calls at 2.056e-01 us per call
        total accounted       =     0.067 secs ( 87.109%)
        total missing         =     0.010 secs ( 12.891%)

             dslashQuda Total time =     0.153 secs
                     init     =     0.000 secs (  0.011%),	 with       40 calls at 4.250e-01 us per call
                  compute     =     0.147 secs ( 96.270%),	 with       10 calls at 1.471e+04 us per call
                     free     =     0.000 secs (  0.016%),	 with       80 calls at 3.125e-01 us per call
        total accounted       =     0.147 secs ( 96.298%)
        total missing         =     0.006 secs (  3.702%)

                endQuda Total time =     0.020 secs
                     free     =     0.000 secs (  0.044%),	 with       63 calls at 1.429e-01 us per call
        total accounted       =     0.000 secs (  0.044%)
        total missing         =     0.020 secs ( 99.956%)

       initQuda-endQuda Total time =    25.120 secs

                   QUDA Total time =    18.498 secs
                 download     =     0.064 secs (  0.347%),	 with       10 calls at 6.420e+03 us per call
                   upload     =     0.002 secs (  0.013%),	 with        5 calls at 4.856e+02 us per call
                     init     =    18.236 secs ( 98.582%),	 with      112 calls at 1.628e+05 us per call
                  compute     =     0.153 secs (  0.825%),	 with       25 calls at 6.103e+03 us per call
                    comms     =     0.006 secs (  0.035%),	 with       10 calls at 6.442e+02 us per call
                     free     =     0.000 secs (  0.001%),	 with      717 calls at 2.148e-01 us per call
        total accounted       =    18.462 secs ( 99.803%)
        total missing         =     0.036 secs (  0.197%)

Device memory used = 74.8 MiB
Pinned device memory used = 0.0 MiB
Managed memory used = 0.0 MiB
Page-locked host memory used = 6.0 MiB
Total host memory used >= 6.0 MiB

